// Jest Snapshot v1, https://goo.gl/fbAQLP

exports[`renders dark without error 1`] = `
<DocumentFragment>
  <div>
    <div
      class="MuiBox-root MuiBox-root Styled(MuiBox)-root Styled(MuiBox)-root"
    >
      <div
        class="MuiPaper-root MuiCard-root WithStyles(ForwardRef(Card))-root WithStyles(ForwardRef(Card))-root Styled(WithStyles(ForwardRef(Card)))-root MuiPaper-elevation1 MuiPaper-rounded"
        tabindex="0"
      >
        <div
          class="MuiCardHeader-root WithStyles(ForwardRef(CardHeader))-root WithStyles(ForwardRef(CardHeader))-root"
        >
          <div
            class="MuiCardHeader-content"
          >
            <span
              class="MuiTypography-root MuiCardHeader-title MuiTypography-h5 MuiTypography-displayBlock"
            >
              Name
            </span>
            <span
              class="MuiTypography-root MuiCardHeader-subheader MuiTypography-body1 MuiTypography-colorTextSecondary MuiTypography-displayBlock"
            >
              This pipeline is currently stopped
            </span>
          </div>
          <div
            class="MuiCardHeader-action"
          >
            <div
              style="opacity: 0; visibility: hidden;"
            >
              <a
                class="Link-root"
                href="/view/Name"
              >
                <button
                  aria-label="view"
                  class="MuiButtonBase-root MuiIconButton-root WithNoOpener-root WithNoOpener-root"
                  tabindex="0"
                  title="View"
                  type="button"
                >
                  <span
                    class="MuiIconButton-label"
                  >
                    <svg
                      aria-hidden="true"
                      class="MuiSvgIcon-root"
                      focusable="false"
                      viewBox="0 0 24 24"
                    >
                      <path
                        d="M12 4.5C7 4.5 2.73 7.61 1 12c1.73 4.39 6 7.5 11 7.5s9.27-3.11 11-7.5c-1.73-4.39-6-7.5-11-7.5zM12 17c-2.76 0-5-2.24-5-5s2.24-5 5-5 5 2.24 5 5-2.24 5-5 5zm0-8c-1.66 0-3 1.34-3 3s1.34 3 3 3 3-1.34 3-3-1.34-3-3-3z"
                      />
                    </svg>
                  </span>
                  <span
                    class="MuiTouchRipple-root"
                  />
                </button>
              </a>
              <a
                class="Link-root"
                href="/edit/Name"
              >
                <button
                  aria-label="edit"
                  class="MuiButtonBase-root MuiIconButton-root WithNoOpener-root WithNoOpener-root"
                  tabindex="0"
                  title="Edit"
                  type="button"
                >
                  <span
                    class="MuiIconButton-label"
                  >
                    <svg
                      aria-hidden="true"
                      class="MuiSvgIcon-root"
                      focusable="false"
                      viewBox="0 0 24 24"
                    >
                      <path
                        d="M3 17.25V21h3.75L17.81 9.94l-3.75-3.75L3 17.25zM21.41 6.34l-3.75-3.75-2.53 2.54 3.75 3.75 2.53-2.54z"
                      />
                    </svg>
                  </span>
                  <span
                    class="MuiTouchRipple-root"
                  />
                </button>
              </a>
              <button
                aria-label="start"
                class="MuiButtonBase-root MuiIconButton-root WithNoOpener-root WithNoOpener-root"
                tabindex="0"
                title="Start Pipeline"
                type="button"
              >
                <span
                  class="MuiIconButton-label"
                >
                  <svg
                    aria-hidden="true"
                    class="MuiSvgIcon-root"
                    focusable="false"
                    viewBox="0 0 24 24"
                  >
                    <path
                      d="M8 5v14l11-7L8 5z"
                    />
                  </svg>
                </span>
                <span
                  class="MuiTouchRipple-root"
                />
              </button>
              <button
                aria-label="delete"
                class="MuiButtonBase-root MuiIconButton-root WithNoOpener-root WithNoOpener-root"
                tabindex="0"
                title="Delete"
                type="button"
              >
                <span
                  class="MuiIconButton-label"
                >
                  <svg
                    aria-hidden="true"
                    class="MuiSvgIcon-root"
                    focusable="false"
                    viewBox="0 0 24 24"
                  >
                    <path
                      d="M6 21h12V7H6v14zM19 4h-3.5l-1-1h-5l-1 1H5v2h14V4z"
                    />
                  </svg>
                </span>
                <span
                  class="MuiTouchRipple-root"
                />
              </button>
            </div>
          </div>
        </div>
        <div
          class="MuiCardContent-root"
        >
          This is a description
        </div>
      </div>
    </div>
  </div>
</DocumentFragment>
`;

exports[`renders without error 1`] = `
<DocumentFragment>
  <div>
    <div
      class="MuiBox-root MuiBox-root Styled(MuiBox)-root Styled(MuiBox)-root"
    >
      <div
        class="MuiPaper-root MuiCard-root WithStyles(ForwardRef(Card))-root WithStyles(ForwardRef(Card))-root Styled(WithStyles(ForwardRef(Card)))-root MuiPaper-elevation1 MuiPaper-rounded"
        tabindex="0"
      >
        <div
          class="MuiCardHeader-root WithStyles(ForwardRef(CardHeader))-root WithStyles(ForwardRef(CardHeader))-root"
        >
          <div
            class="MuiCardHeader-content"
          >
            <span
              class="MuiTypography-root MuiCardHeader-title MuiTypography-h5 MuiTypography-displayBlock"
            >
              Name
            </span>
            <span
              class="MuiTypography-root MuiCardHeader-subheader MuiTypography-body1 MuiTypography-colorTextSecondary MuiTypography-displayBlock"
            >
              This pipeline is currently stopped
            </span>
          </div>
          <div
            class="MuiCardHeader-action"
          >
            <div
              style="opacity: 0; visibility: hidden;"
            >
              <a
                class="Link-root"
                href="/view/Name"
              >
                <button
                  aria-label="view"
                  class="MuiButtonBase-root MuiIconButton-root WithNoOpener-root WithNoOpener-root"
                  tabindex="0"
                  title="View"
                  type="button"
                >
                  <span
                    class="MuiIconButton-label"
                  >
                    <svg
                      aria-hidden="true"
                      class="MuiSvgIcon-root"
                      focusable="false"
                      viewBox="0 0 24 24"
                    >
                      <path
                        d="M12 4.5C7 4.5 2.73 7.61 1 12c1.73 4.39 6 7.5 11 7.5s9.27-3.11 11-7.5c-1.73-4.39-6-7.5-11-7.5zM12 17c-2.76 0-5-2.24-5-5s2.24-5 5-5 5 2.24 5 5-2.24 5-5 5zm0-8c-1.66 0-3 1.34-3 3s1.34 3 3 3 3-1.34 3-3-1.34-3-3-3z"
                      />
                    </svg>
                  </span>
                  <span
                    class="MuiTouchRipple-root"
                  />
                </button>
              </a>
              <a
                class="Link-root"
                href="/edit/Name"
              >
                <button
                  aria-label="edit"
                  class="MuiButtonBase-root MuiIconButton-root WithNoOpener-root WithNoOpener-root"
                  tabindex="0"
                  title="Edit"
                  type="button"
                >
                  <span
                    class="MuiIconButton-label"
                  >
                    <svg
                      aria-hidden="true"
                      class="MuiSvgIcon-root"
                      focusable="false"
                      viewBox="0 0 24 24"
                    >
                      <path
                        d="M3 17.25V21h3.75L17.81 9.94l-3.75-3.75L3 17.25zM21.41 6.34l-3.75-3.75-2.53 2.54 3.75 3.75 2.53-2.54z"
                      />
                    </svg>
                  </span>
                  <span
                    class="MuiTouchRipple-root"
                  />
                </button>
              </a>
              <button
                aria-label="start"
                class="MuiButtonBase-root MuiIconButton-root WithNoOpener-root WithNoOpener-root"
                tabindex="0"
                title="Start Pipeline"
                type="button"
              >
                <span
                  class="MuiIconButton-label"
                >
                  <svg
                    aria-hidden="true"
                    class="MuiSvgIcon-root"
                    focusable="false"
                    viewBox="0 0 24 24"
                  >
                    <path
                      d="M8 5v14l11-7L8 5z"
                    />
                  </svg>
                </span>
                <span
                  class="MuiTouchRipple-root"
                />
              </button>
              <button
                aria-label="delete"
                class="MuiButtonBase-root MuiIconButton-root WithNoOpener-root WithNoOpener-root"
                tabindex="0"
                title="Delete"
                type="button"
              >
                <span
                  class="MuiIconButton-label"
                >
                  <svg
                    aria-hidden="true"
                    class="MuiSvgIcon-root"
                    focusable="false"
                    viewBox="0 0 24 24"
                  >
                    <path
                      d="M6 21h12V7H6v14zM19 4h-3.5l-1-1h-5l-1 1H5v2h14V4z"
                    />
                  </svg>
                </span>
                <span
                  class="MuiTouchRipple-root"
                />
              </button>
            </div>
          </div>
        </div>
        <div
          class="MuiCardContent-root"
        >
          This is a description
        </div>
      </div>
    </div>
  </div>
</DocumentFragment>
`;
