// Jest Snapshot v1, https://goo.gl/fbAQLP

exports[`renders dark without error 1`] = `
<DocumentFragment>
  <div>
    <div
      class="MuiBox-root MuiBox-root Styled(MuiBox)-root Styled(MuiBox)-root"
      style="transform: translateX(-50%);"
    >
      <div
        class="MuiPaper-root MuiCard-root WithStyles(ForwardRef(Card))-root WithStyles(ForwardRef(Card))-root MuiPaper-elevation0 MuiPaper-rounded"
      >
        <div
          class="MuiBox-root MuiBox-root Styled(MuiBox)-root Styled(MuiBox)-root"
        >
          <div
            class="MuiInputBase-root WithStyles(ForwardRef(InputBase))-root"
          >
            <input
              aria-label="search"
              class="MuiInputBase-input"
              placeholder="Search"
              type="text"
              value=""
            />
          </div>
          <button
            aria-label="clear"
            class="MuiButtonBase-root MuiIconButton-root WithNoOpener-root WithNoOpener-root MuiIconButton-disabled MuiButtonBase-disabled"
            disabled=""
            tabindex="-1"
            type="button"
          >
            <span
              class="MuiIconButton-label"
            >
              <svg
                aria-hidden="true"
                class="MuiSvgIcon-root"
                focusable="false"
                viewBox="0 0 24 24"
              >
                <path
                  d="M19 6.41L17.59 5 12 10.59 6.41 5 5 6.41 10.59 12 5 17.59 6.41 19 12 13.41 17.59 19 19 17.59 13.41 12 19 6.41z"
                />
              </svg>
            </span>
          </button>
        </div>
      </div>
    </div>
    <div
      class="MuiBox-root MuiBox-root Styled(MuiBox)-root Styled(MuiBox)-root"
    />
    <h1
      class="MuiTypography-root WithStyles(ForwardRef(Typography))-root WithStyles(ForwardRef(Typography))-root Component-root Component-root MuiTypography-h1"
    >
      Orderers
    </h1>
    <div
      class="MuiBox-root MuiBox-root Styled(MuiBox)-root Styled(MuiBox)-root"
    >
      <div
        class="MuiBox-root MuiBox-root Styled(MuiBox)-root Styled(MuiBox)-root"
      >
        <div
          class="MuiPaper-root MuiCard-root WithStyles(ForwardRef(Card))-root WithStyles(ForwardRef(Card))-root Styled(WithStyles(ForwardRef(Card)))-root MuiPaper-elevation1 MuiPaper-rounded"
        >
          <div
            class="MuiBox-root MuiBox-root Styled(MuiBox)-root Styled(MuiBox)-root"
          >
            <div
              class="MuiCardHeader-root WithStyles(ForwardRef(CardHeader))-root WithStyles(ForwardRef(CardHeader))-root"
            >
              <div
                class="MuiCardHeader-content"
              >
                <span
                  class="MuiTypography-root MuiCardHeader-title MuiTypography-h5 MuiTypography-displayBlock"
                >
                  No Op Orderer
                </span>
                <span
                  class="MuiTypography-root MuiCardHeader-subheader MuiTypography-caption MuiTypography-colorTextSecondary MuiTypography-displayBlock"
                >
                  io.annot8.api.pipelines.NoOpOrderer
                </span>
              </div>
            </div>
            <p
              class="MuiTypography-root WithStyles(ForwardRef(Typography))-root WithStyles(ForwardRef(Typography))-root WrappedTypography-root WrappedTypography-root MuiTypography-body1"
            >
              No description
            </p>
            <div
              class="MuiBox-root MuiBox-root Styled(MuiBox)-root Styled(MuiBox)-root"
            />
          </div>
        </div>
      </div>
    </div>
     
    <h1
      class="MuiTypography-root WithStyles(ForwardRef(Typography))-root WithStyles(ForwardRef(Typography))-root Component-root Component-root MuiTypography-h1"
    >
      Sources
    </h1>
    <div
      class="MuiBox-root MuiBox-root Styled(MuiBox)-root Styled(MuiBox)-root"
    >
      <div
        class="MuiBox-root MuiBox-root Styled(MuiBox)-root Styled(MuiBox)-root"
      >
        <div
          class="MuiPaper-root MuiCard-root WithStyles(ForwardRef(Card))-root WithStyles(ForwardRef(Card))-root Styled(WithStyles(ForwardRef(Card)))-root MuiPaper-elevation1 MuiPaper-rounded"
        >
          <div
            class="MuiBox-root MuiBox-root Styled(MuiBox)-root Styled(MuiBox)-root"
          >
            <div
              class="MuiCardHeader-root WithStyles(ForwardRef(CardHeader))-root WithStyles(ForwardRef(CardHeader))-root"
            >
              <div
                class="MuiCardHeader-content"
              >
                <span
                  class="MuiTypography-root MuiCardHeader-title MuiTypography-h5 MuiTypography-displayBlock"
                >
                  File System Source
                </span>
                <span
                  class="MuiTypography-root MuiCardHeader-subheader MuiTypography-caption MuiTypography-colorTextSecondary MuiTypography-displayBlock"
                >
                  io.annot8.components.files.sources.FileSystemSource
                </span>
              </div>
            </div>
            <p
              class="MuiTypography-root WithStyles(ForwardRef(Typography))-root WithStyles(ForwardRef(Typography))-root WrappedTypography-root WrappedTypography-root MuiTypography-body1"
            >
              Provides items from the local file system
            </p>
            <div
              class="MuiBox-root MuiBox-root Styled(MuiBox)-root Styled(MuiBox)-root"
            />
          </div>
        </div>
      </div>
    </div>
    <h1
      class="MuiTypography-root WithStyles(ForwardRef(Typography))-root WithStyles(ForwardRef(Typography))-root Component-root Component-root MuiTypography-h1"
    >
      Processors
    </h1>
    <div
      class="MuiBox-root MuiBox-root Styled(MuiBox)-root Styled(MuiBox)-root"
    >
      <div
        class="MuiBox-root MuiBox-root Styled(MuiBox)-root Styled(MuiBox)-root"
      >
        <div
          class="MuiPaper-root MuiCard-root WithStyles(ForwardRef(Card))-root WithStyles(ForwardRef(Card))-root Styled(WithStyles(ForwardRef(Card)))-root MuiPaper-elevation1 MuiPaper-rounded"
        >
          <div
            class="MuiBox-root MuiBox-root Styled(MuiBox)-root Styled(MuiBox)-root"
          >
            <div
              class="MuiCardHeader-root WithStyles(ForwardRef(CardHeader))-root WithStyles(ForwardRef(CardHeader))-root"
            >
              <div
                class="MuiCardHeader-content"
              >
                <span
                  class="MuiTypography-root MuiCardHeader-title MuiTypography-h5 MuiTypography-displayBlock"
                >
                  MGRS
                </span>
                <span
                  class="MuiTypography-root MuiCardHeader-subheader MuiTypography-caption MuiTypography-colorTextSecondary MuiTypography-displayBlock"
                >
                  io.annot8.components.geo.processors.Mgrs
                </span>
              </div>
            </div>
            <p
              class="MuiTypography-root WithStyles(ForwardRef(Typography))-root WithStyles(ForwardRef(Typography))-root WrappedTypography-root WrappedTypography-root MuiTypography-body1"
            >
              Extract MGRS coordinates, optionally ignoring MGRS coordinates that could be dates
            </p>
            <div
              class="MuiBox-root MuiBox-root Styled(MuiBox)-root Styled(MuiBox)-root"
            />
          </div>
        </div>
      </div>
    </div>
  </div>
</DocumentFragment>
`;

exports[`renders without error 1`] = `
<DocumentFragment>
  <div>
    <div
      class="MuiBox-root MuiBox-root Styled(MuiBox)-root Styled(MuiBox)-root"
      style="transform: translateX(-50%);"
    >
      <div
        class="MuiPaper-root MuiCard-root WithStyles(ForwardRef(Card))-root WithStyles(ForwardRef(Card))-root MuiPaper-elevation0 MuiPaper-rounded"
      >
        <div
          class="MuiBox-root MuiBox-root Styled(MuiBox)-root Styled(MuiBox)-root"
        >
          <div
            class="MuiInputBase-root WithStyles(ForwardRef(InputBase))-root"
          >
            <input
              aria-label="search"
              class="MuiInputBase-input"
              placeholder="Search"
              type="text"
              value=""
            />
          </div>
          <button
            aria-label="clear"
            class="MuiButtonBase-root MuiIconButton-root WithNoOpener-root WithNoOpener-root MuiIconButton-disabled MuiButtonBase-disabled"
            disabled=""
            tabindex="-1"
            type="button"
          >
            <span
              class="MuiIconButton-label"
            >
              <svg
                aria-hidden="true"
                class="MuiSvgIcon-root"
                focusable="false"
                viewBox="0 0 24 24"
              >
                <path
                  d="M19 6.41L17.59 5 12 10.59 6.41 5 5 6.41 10.59 12 5 17.59 6.41 19 12 13.41 17.59 19 19 17.59 13.41 12 19 6.41z"
                />
              </svg>
            </span>
          </button>
        </div>
      </div>
    </div>
    <div
      class="MuiBox-root MuiBox-root Styled(MuiBox)-root Styled(MuiBox)-root"
    />
    <h1
      class="MuiTypography-root WithStyles(ForwardRef(Typography))-root WithStyles(ForwardRef(Typography))-root Component-root Component-root MuiTypography-h1"
    >
      Orderers
    </h1>
    <div
      class="MuiBox-root MuiBox-root Styled(MuiBox)-root Styled(MuiBox)-root"
    >
      <div
        class="MuiBox-root MuiBox-root Styled(MuiBox)-root Styled(MuiBox)-root"
      >
        <div
          class="MuiPaper-root MuiCard-root WithStyles(ForwardRef(Card))-root WithStyles(ForwardRef(Card))-root Styled(WithStyles(ForwardRef(Card)))-root MuiPaper-elevation1 MuiPaper-rounded"
        >
          <div
            class="MuiBox-root MuiBox-root Styled(MuiBox)-root Styled(MuiBox)-root"
          >
            <div
              class="MuiCardHeader-root WithStyles(ForwardRef(CardHeader))-root WithStyles(ForwardRef(CardHeader))-root"
            >
              <div
                class="MuiCardHeader-content"
              >
                <span
                  class="MuiTypography-root MuiCardHeader-title MuiTypography-h5 MuiTypography-displayBlock"
                >
                  No Op Orderer
                </span>
                <span
                  class="MuiTypography-root MuiCardHeader-subheader MuiTypography-caption MuiTypography-colorTextSecondary MuiTypography-displayBlock"
                >
                  io.annot8.api.pipelines.NoOpOrderer
                </span>
              </div>
            </div>
            <p
              class="MuiTypography-root WithStyles(ForwardRef(Typography))-root WithStyles(ForwardRef(Typography))-root WrappedTypography-root WrappedTypography-root MuiTypography-body1"
            >
              No description
            </p>
            <div
              class="MuiBox-root MuiBox-root Styled(MuiBox)-root Styled(MuiBox)-root"
            />
          </div>
        </div>
      </div>
    </div>
     
    <h1
      class="MuiTypography-root WithStyles(ForwardRef(Typography))-root WithStyles(ForwardRef(Typography))-root Component-root Component-root MuiTypography-h1"
    >
      Sources
    </h1>
    <div
      class="MuiBox-root MuiBox-root Styled(MuiBox)-root Styled(MuiBox)-root"
    >
      <div
        class="MuiBox-root MuiBox-root Styled(MuiBox)-root Styled(MuiBox)-root"
      >
        <div
          class="MuiPaper-root MuiCard-root WithStyles(ForwardRef(Card))-root WithStyles(ForwardRef(Card))-root Styled(WithStyles(ForwardRef(Card)))-root MuiPaper-elevation1 MuiPaper-rounded"
        >
          <div
            class="MuiBox-root MuiBox-root Styled(MuiBox)-root Styled(MuiBox)-root"
          >
            <div
              class="MuiCardHeader-root WithStyles(ForwardRef(CardHeader))-root WithStyles(ForwardRef(CardHeader))-root"
            >
              <div
                class="MuiCardHeader-content"
              >
                <span
                  class="MuiTypography-root MuiCardHeader-title MuiTypography-h5 MuiTypography-displayBlock"
                >
                  File System Source
                </span>
                <span
                  class="MuiTypography-root MuiCardHeader-subheader MuiTypography-caption MuiTypography-colorTextSecondary MuiTypography-displayBlock"
                >
                  io.annot8.components.files.sources.FileSystemSource
                </span>
              </div>
            </div>
            <p
              class="MuiTypography-root WithStyles(ForwardRef(Typography))-root WithStyles(ForwardRef(Typography))-root WrappedTypography-root WrappedTypography-root MuiTypography-body1"
            >
              Provides items from the local file system
            </p>
            <div
              class="MuiBox-root MuiBox-root Styled(MuiBox)-root Styled(MuiBox)-root"
            />
          </div>
        </div>
      </div>
    </div>
    <h1
      class="MuiTypography-root WithStyles(ForwardRef(Typography))-root WithStyles(ForwardRef(Typography))-root Component-root Component-root MuiTypography-h1"
    >
      Processors
    </h1>
    <div
      class="MuiBox-root MuiBox-root Styled(MuiBox)-root Styled(MuiBox)-root"
    >
      <div
        class="MuiBox-root MuiBox-root Styled(MuiBox)-root Styled(MuiBox)-root"
      >
        <div
          class="MuiPaper-root MuiCard-root WithStyles(ForwardRef(Card))-root WithStyles(ForwardRef(Card))-root Styled(WithStyles(ForwardRef(Card)))-root MuiPaper-elevation1 MuiPaper-rounded"
        >
          <div
            class="MuiBox-root MuiBox-root Styled(MuiBox)-root Styled(MuiBox)-root"
          >
            <div
              class="MuiCardHeader-root WithStyles(ForwardRef(CardHeader))-root WithStyles(ForwardRef(CardHeader))-root"
            >
              <div
                class="MuiCardHeader-content"
              >
                <span
                  class="MuiTypography-root MuiCardHeader-title MuiTypography-h5 MuiTypography-displayBlock"
                >
                  MGRS
                </span>
                <span
                  class="MuiTypography-root MuiCardHeader-subheader MuiTypography-caption MuiTypography-colorTextSecondary MuiTypography-displayBlock"
                >
                  io.annot8.components.geo.processors.Mgrs
                </span>
              </div>
            </div>
            <p
              class="MuiTypography-root WithStyles(ForwardRef(Typography))-root WithStyles(ForwardRef(Typography))-root WrappedTypography-root WrappedTypography-root MuiTypography-body1"
            >
              Extract MGRS coordinates, optionally ignoring MGRS coordinates that could be dates
            </p>
            <div
              class="MuiBox-root MuiBox-root Styled(MuiBox)-root Styled(MuiBox)-root"
            />
          </div>
        </div>
      </div>
    </div>
  </div>
</DocumentFragment>
`;
