// Jest Snapshot v1, https://goo.gl/fbAQLP

exports[`renders dark without error 1`] = `
<DocumentFragment>
  <div>
    <svg
      class="ForwardRef(SvgBaleenHorizontal)-root ForwardRef(SvgBaleenHorizontal)-root"
    >
      Baleen_Horizontal.svg
    </svg>
  </div>
</DocumentFragment>
`;

exports[`renders without error 1`] = `
<DocumentFragment>
  <div>
    <svg
      class="ForwardRef(SvgBaleenHorizontal)-root ForwardRef(SvgBaleenHorizontal)-root"
    >
      Baleen_Horizontal.svg
    </svg>
  </div>
</DocumentFragment>
`;
