// Jest Snapshot v1, https://goo.gl/fbAQLP

exports[`renders dark without error 1`] = `
<DocumentFragment>
  <div>
    <div
      class="MuiBox-root MuiBox-root Styled(MuiBox)-root Styled(MuiBox)-root"
    >
      <svg
        class="ForwardRef(SvgBaleen404)-root ForwardRef(SvgBaleen404)-root"
      >
        Baleen_404.svg
      </svg>
      <h1
        class="MuiTypography-root WithStyles(ForwardRef(Typography))-root WithStyles(ForwardRef(Typography))-root Component-root Component-root MuiTypography-h1"
      >
        Error
      </h1>
      <div
        class="MuiBox-root MuiBox-root Styled(MuiBox)-root Styled(MuiBox)-root"
      >
        <pre
          class="WithStyles(ForwardRef(Typography))-root WithStyles(ForwardRef(Typography))-root Component-root Component-root"
          variant="body1"
        >
          Error message
        </pre>
      </div>
      <button
        class="MuiButtonBase-root MuiButton-root MuiButton-contained WithNoOpener-root WithNoOpener-root MuiButton-containedPrimary MuiButton-containedSizeLarge MuiButton-sizeLarge"
        tabindex="0"
        type="button"
      >
        <span
          class="MuiButton-label"
        >
          Reload
        </span>
        <span
          class="MuiTouchRipple-root"
        />
      </button>
    </div>
  </div>
</DocumentFragment>
`;

exports[`renders without error 1`] = `
<DocumentFragment>
  <div>
    <div
      class="MuiBox-root MuiBox-root Styled(MuiBox)-root Styled(MuiBox)-root"
    >
      <svg
        class="ForwardRef(SvgBaleen404)-root ForwardRef(SvgBaleen404)-root"
      >
        Baleen_404.svg
      </svg>
      <h1
        class="MuiTypography-root WithStyles(ForwardRef(Typography))-root WithStyles(ForwardRef(Typography))-root Component-root Component-root MuiTypography-h1"
      >
        Error
      </h1>
      <div
        class="MuiBox-root MuiBox-root Styled(MuiBox)-root Styled(MuiBox)-root"
      >
        <pre
          class="WithStyles(ForwardRef(Typography))-root WithStyles(ForwardRef(Typography))-root Component-root Component-root"
          variant="body1"
        >
          Error message
        </pre>
      </div>
      <button
        class="MuiButtonBase-root MuiButton-root MuiButton-contained WithNoOpener-root WithNoOpener-root MuiButton-containedPrimary MuiButton-containedSizeLarge MuiButton-sizeLarge"
        tabindex="0"
        type="button"
      >
        <span
          class="MuiButton-label"
        >
          Reload
        </span>
        <span
          class="MuiTouchRipple-root"
        />
      </button>
    </div>
  </div>
</DocumentFragment>
`;
